0x557808e4c3c0
0x557808e4c3c0, 0x557808e4c540
0x557808e4c540
0x557808e4c540, 0x557808e4c4a0
0x557808e4c540, 0x557808e4c4f0
0x557808e4c540, 0x557808e4c7d0
0x557808e4c4a0
0x557808e4c4a0 [label="c"];
0x557808e4c4f0
0x557808e4c4f0 [label="2"];
0x557808e4c7d0
0x557808e4c7d0, 0x557808e4c730
0x557808e4c7d0, 0x557808e4c780
0x557808e4c730
0x557808e4c730, 0x557808e4c5b0
0x557808e4c730, 0x557808e4c6e0
0x557808e4c5b0
0x557808e4c5b0 [label="a"];
0x557808e4c6e0
0x557808e4c6e0, 0x557808e4c620
0x557808e4c6e0, 0x557808e4c690
0x557808e4c620
0x557808e4c620 [label="c"];
0x557808e4c690
0x557808e4c690 [label="c"];
0x557808e4c6e0 [label="+"];
0x557808e4c730 [label="[]"];
0x557808e4c780
0x557808e4c780 [label="2"];
0x557808e4c7d0 [label="="];
0x557808e4c540 [label="="];
0x557808e4c3c0 [label="f"];
