0x56332759a350
0x56332759a350, 0x56332759a510
0x56332759a510
0x56332759a510, 0x56332759a6d0
0x56332759a6d0
0x56332759a6d0, 0x56332759a740
0x56332759a740
0x56332759a740, 0x56332759a7b0
0x56332759a7b0
0x56332759a7b0, 0x56332759a820
0x56332759a820
0x56332759a820 [label="c"];
0x56332759a7b0 [label="b"];
0x56332759a740 [label="a"];
0x56332759a6d0 [label="g"];
0x56332759a510 [label="f"];
0x56332759a350 [label="g"];
