0x604000000010
0x604000000010, 0x6040000000d0
0x6040000000d0
0x6040000000d0, 0x604000000090
0x6040000000d0, 0x604000000050
0x604000000090
0x604000000090 [label="0"];
0x604000000050
0x604000000050 [label="a"];
0x6040000000d0 [label="<="];
0x604000000010 [label="f"];
