0x55c8b70ff350
0x55c8b70ff350, 0x55c8b70ff4d0
0x55c8b70ff4d0
0x55c8b70ff4d0, 0x55c8b70ff430
0x55c8b70ff4d0, 0x55c8b70ff480
0x55c8b70ff430
0x55c8b70ff430 [label="a"];
0x55c8b70ff480
0x55c8b70ff480 [label="3"];
0x55c8b70ff4d0 [label="="];
0x55c8b70ff350 [label="f"];
