0x5570860f6350
0x5570860f6350, 0x5570860f64a0
0x5570860f64a0
0x5570860f64a0, 0x5570860f6450
0x5570860f6450
0x5570860f6450 [label="a"];
0x5570860f64a0 [label="input"];
0x5570860f6350 [label="f"];
