0x55a665685350
0x55a665685350, 0x55a665685510
0x55a665685510
0x55a665685510, 0x55a665685770
0x55a665685770
0x55a665685770, 0x55a6656856d0
0x55a665685770, 0x55a665685720
0x55a665685770, 0x55a665685880
0x55a6656856d0
0x55a6656856d0 [label="a"];
0x55a665685720
0x55a665685720 [label="1"];
0x55a665685880
0x55a665685880, 0x55a6656857e0
0x55a665685880, 0x55a665685830
0x55a665685880, 0x55a665685990
0x55a6656857e0
0x55a6656857e0 [label="b"];
0x55a665685830
0x55a665685830 [label="2"];
0x55a665685990
0x55a665685990, 0x55a6656858f0
0x55a665685990, 0x55a665685940
0x55a665685990, 0x55a665685a00
0x55a6656858f0
0x55a6656858f0 [label="c"];
0x55a665685940
0x55a665685940 [label="3"];
0x55a665685a00
0x55a665685a00, 0x55a665685a70
0x55a665685a70
0x55a665685a70, 0x55a665685ae0
0x55a665685ae0
0x55a665685ae0, 0x55a665685b50
0x55a665685b50
0x55a665685b50 [label="c"];
0x55a665685ae0 [label="b"];
0x55a665685a70 [label="a"];
0x55a665685a00 [label="g"];
0x55a665685990 [label="="];
0x55a665685880 [label="="];
0x55a665685770 [label="="];
0x55a665685510 [label="f"];
0x55a665685350 [label="g"];
