0x55eb9a2bc350
0x55eb9a2bc350, 0x55eb9a2bc480
0x55eb9a2bc480
0x55eb9a2bc480, 0x55eb9a2bc430
0x55eb9a2bc480, 0x55eb9a2bc3c0
0x55eb9a2bc480, 0x55eb9a2bc560
0x55eb9a2bc430
0x55eb9a2bc430 [label="3"];
0x55eb9a2bc3c0
0x55eb9a2bc3c0 [label="a"];
0x55eb9a2bc560
0x55eb9a2bc560, 0x55eb9a2bc4f0
0x55eb9a2bc560, 0x55eb9a2bc5b0
0x55eb9a2bc4f0
0x55eb9a2bc4f0 [label="a"];
0x55eb9a2bc5b0
0x55eb9a2bc5b0 [label="2"];
0x55eb9a2bc560 [label="<<"];
0x55eb9a2bc480 [label="<="];
0x55eb9a2bc350 [label="f"];
