0x55ac925913c0
0x55ac925913c0, 0x55ac92591540
0x55ac92591540
0x55ac92591540, 0x55ac925914d0
0x55ac92591540, 0x55ac92591590
0x55ac925914d0
0x55ac925914d0, 0x55ac92591430
0x55ac925914d0, 0x55ac92591480
0x55ac92591430
0x55ac92591430 [label="v"];
0x55ac92591480
0x55ac92591480 [label="3"];
0x55ac925914d0 [label="[]"];
0x55ac92591590
0x55ac92591590 [label="3"];
0x55ac92591540 [label="<<"];
0x55ac925913c0 [label="f"];
