0x55a1cec6f350
0x55a1cec6f350, 0x55a1cec6f480
0x55a1cec6f480
0x55a1cec6f480, 0x55a1cec6f430
0x55a1cec6f480, 0x55a1cec6f3c0
0x55a1cec6f480, 0x55a1cec6f560
0x55a1cec6f430
0x55a1cec6f430 [label="3"];
0x55a1cec6f3c0
0x55a1cec6f3c0 [label="a"];
0x55a1cec6f560
0x55a1cec6f560, 0x55a1cec6f4f0
0x55a1cec6f560, 0x55a1cec6f5b0
0x55a1cec6f4f0
0x55a1cec6f4f0 [label="a"];
0x55a1cec6f5b0
0x55a1cec6f5b0 [label="2"];
0x55a1cec6f560 [label=">>"];
0x55a1cec6f480 [label="<="];
0x55a1cec6f350 [label="f"];
