0x55a4439f53c0
0x55a4439f53c0, 0x55a4439f5540
0x55a4439f5540
0x55a4439f5540, 0x55a4439f54d0
0x55a4439f5540, 0x55a4439f5590
0x55a4439f54d0
0x55a4439f54d0, 0x55a4439f5430
0x55a4439f54d0, 0x55a4439f5480
0x55a4439f5430
0x55a4439f5430 [label="v"];
0x55a4439f5480
0x55a4439f5480 [label="3"];
0x55a4439f54d0 [label="[]"];
0x55a4439f5590
0x55a4439f5590 [label="3"];
0x55a4439f5540 [label=">>"];
0x55a4439f53c0 [label="f"];
