0x55d48fbe2350
0x55d48fbe2350, 0x55d48fbe2410
0x55d48fbe2410
0x55d48fbe2410, 0x55d48fbe23c0
0x55d48fbe23c0
0x55d48fbe23c0 [label="10"];
0x55d48fbe2410 [label="return"];
0x55d48fbe2350 [label="f"];
