0x56125278a350
0x56125278a350, 0x56125278a3c0
0x56125278a3c0
0x56125278a3c0 [label="break"];
0x56125278a350 [label="f"];
