0x55eb051e9350
0x55eb051e9350, 0x55eb051e9770
0x55eb051e9770
0x55eb051e9770, 0x55eb051e94c0
0x55eb051e9770, 0x55eb051e95f0
0x55eb051e94c0
0x55eb051e94c0 [label="a"];
0x55eb051e95f0
0x55eb051e95f0, 0x55eb051e9530
0x55eb051e95f0, 0x55eb051e95a0
0x55eb051e95f0, 0x55eb051e9720
0x55eb051e9530
0x55eb051e9530 [label="a"];
0x55eb051e95a0
0x55eb051e95a0 [label="b"];
0x55eb051e9720
0x55eb051e9720, 0x55eb051e9660
0x55eb051e9720, 0x55eb051e96d0
0x55eb051e9660
0x55eb051e9660 [label="b"];
0x55eb051e96d0
0x55eb051e96d0 [label="a"];
0x55eb051e9720 [label="="];
0x55eb051e95f0 [label="="];
0x55eb051e9770 [label="if"];
0x55eb051e9350 [label="f"];
