0x56179875f350
0x56179875f350, 0x56179875f750
0x56179875f750
0x56179875f750, 0x56179875f4c0
0x56179875f750, 0x56179875f5f0
0x56179875f750, 0x56179875f700
0x56179875f4c0
0x56179875f4c0 [label="a"];
0x56179875f5f0
0x56179875f5f0, 0x56179875f530
0x56179875f5f0, 0x56179875f5a0
0x56179875f530
0x56179875f530 [label="a"];
0x56179875f5a0
0x56179875f5a0 [label="b"];
0x56179875f5f0 [label="="];
0x56179875f700
0x56179875f700, 0x56179875f660
0x56179875f700, 0x56179875f6b0
0x56179875f660
0x56179875f660 [label="a"];
0x56179875f6b0
0x56179875f6b0 [label="3"];
0x56179875f700 [label="="];
0x56179875f750 [label="if"];
0x56179875f350 [label="f"];
