0x564f8085b350
0x564f8085b350, 0x564f8085b880
0x564f8085b880
0x564f8085b880, 0x564f8085b4c0
0x564f8085b880, 0x564f8085b5f0
0x564f8085b880, 0x564f8085b700
0x564f8085b4c0
0x564f8085b4c0 [label="a"];
0x564f8085b5f0
0x564f8085b5f0, 0x564f8085b530
0x564f8085b5f0, 0x564f8085b5a0
0x564f8085b530
0x564f8085b530 [label="a"];
0x564f8085b5a0
0x564f8085b5a0 [label="b"];
0x564f8085b5f0 [label="="];
0x564f8085b700
0x564f8085b700, 0x564f8085b660
0x564f8085b700, 0x564f8085b6b0
0x564f8085b700, 0x564f8085b830
0x564f8085b660
0x564f8085b660 [label="a"];
0x564f8085b6b0
0x564f8085b6b0 [label="3"];
0x564f8085b830
0x564f8085b830, 0x564f8085b770
0x564f8085b830, 0x564f8085b7e0
0x564f8085b770
0x564f8085b770 [label="b"];
0x564f8085b7e0
0x564f8085b7e0 [label="a"];
0x564f8085b830 [label="="];
0x564f8085b700 [label="="];
0x564f8085b880 [label="if"];
0x564f8085b350 [label="f"];
