0x55bf856e4350
0x55bf856e4350, 0x55bf856e48e0
0x55bf856e48e0
0x55bf856e48e0, 0x55bf856e44f0
0x55bf856e48e0, 0x55bf856e4560
0x55bf856e48e0, 0x55bf856e4670
0x55bf856e48e0, 0x55bf856e4780
0x55bf856e44f0
0x55bf856e44f0, 0x55bf856e4450
0x55bf856e44f0, 0x55bf856e44a0
0x55bf856e4450
0x55bf856e4450 [label="i"];
0x55bf856e44a0
0x55bf856e44a0 [label="0"];
0x55bf856e44f0 [label="="];
0x55bf856e4560
0x55bf856e4560 [label="i"];
0x55bf856e4670
0x55bf856e4670, 0x55bf856e45d0
0x55bf856e4670, 0x55bf856e4620
0x55bf856e45d0
0x55bf856e45d0 [label="i"];
0x55bf856e4620
0x55bf856e4620 [label="2"];
0x55bf856e4670 [label="="];
0x55bf856e4780
0x55bf856e4780, 0x55bf856e46e0
0x55bf856e4780, 0x55bf856e4730
0x55bf856e4780, 0x55bf856e4890
0x55bf856e46e0
0x55bf856e46e0 [label="i"];
0x55bf856e4730
0x55bf856e4730 [label="3"];
0x55bf856e4890
0x55bf856e4890, 0x55bf856e47f0
0x55bf856e4890, 0x55bf856e4840
0x55bf856e47f0
0x55bf856e47f0 [label="i"];
0x55bf856e4840
0x55bf856e4840 [label="4"];
0x55bf856e4890 [label="="];
0x55bf856e4780 [label="="];
0x55bf856e48e0 [label="for"];
0x55bf856e4350 [label="f"];
