0x5560ea575350
0x5560ea575350, 0x5560ea5755b0
0x5560ea5755b0
0x5560ea5755b0, 0x5560ea575450
0x5560ea5755b0, 0x5560ea575560
0x5560ea575450
0x5560ea575450 [label="i"];
0x5560ea575560
0x5560ea575560, 0x5560ea5754c0
0x5560ea575560, 0x5560ea575510
0x5560ea5754c0
0x5560ea5754c0 [label="i"];
0x5560ea575510
0x5560ea575510 [label="2"];
0x5560ea575560 [label="="];
0x5560ea5755b0 [label="while"];
0x5560ea575350 [label="f"];
