0x560d6c601350
0x560d6c601350, 0x560d6c6017e0
0x560d6c6017e0
0x560d6c6017e0, 0x560d6c601530
0x560d6c6017e0, 0x560d6c601660
0x560d6c6017e0, 0x560d6c6018f0
0x560d6c601530
0x560d6c601530 [label="a"];
0x560d6c601660
0x560d6c601660, 0x560d6c6015a0
0x560d6c601660, 0x560d6c601610
0x560d6c601660, 0x560d6c601790
0x560d6c6015a0
0x560d6c6015a0 [label="a"];
0x560d6c601610
0x560d6c601610 [label="b"];
0x560d6c601790
0x560d6c601790, 0x560d6c6016d0
0x560d6c601790, 0x560d6c601740
0x560d6c6016d0
0x560d6c6016d0 [label="b"];
0x560d6c601740
0x560d6c601740 [label="a"];
0x560d6c601790 [label="="];
0x560d6c601660 [label="="];
0x560d6c6018f0
0x560d6c6018f0, 0x560d6c601850
0x560d6c6018f0, 0x560d6c6018a0
0x560d6c6018f0, 0x560d6c601a00
0x560d6c601850
0x560d6c601850 [label="c"];
0x560d6c6018a0
0x560d6c6018a0 [label="2"];
0x560d6c601a00
0x560d6c601a00, 0x560d6c601960
0x560d6c601a00, 0x560d6c6019b0
0x560d6c601960
0x560d6c601960 [label="c"];
0x560d6c6019b0
0x560d6c6019b0 [label="4"];
0x560d6c601a00 [label="="];
0x560d6c6018f0 [label="="];
0x560d6c6017e0 [label="if"];
0x560d6c601350 [label="f"];
