0x560848381350
0x560848381350, 0x5608483817c0
0x5608483817c0
0x5608483817c0, 0x560848381530
0x5608483817c0, 0x560848381660
0x5608483817c0, 0x560848381770
0x5608483817c0, 0x5608483818d0
0x560848381530
0x560848381530 [label="a"];
0x560848381660
0x560848381660, 0x5608483815a0
0x560848381660, 0x560848381610
0x5608483815a0
0x5608483815a0 [label="a"];
0x560848381610
0x560848381610 [label="b"];
0x560848381660 [label="="];
0x560848381770
0x560848381770, 0x5608483816d0
0x560848381770, 0x560848381720
0x5608483816d0
0x5608483816d0 [label="a"];
0x560848381720
0x560848381720 [label="3"];
0x560848381770 [label="="];
0x5608483818d0
0x5608483818d0, 0x560848381830
0x5608483818d0, 0x560848381880
0x5608483818d0, 0x5608483819e0
0x560848381830
0x560848381830 [label="c"];
0x560848381880
0x560848381880 [label="4"];
0x5608483819e0
0x5608483819e0, 0x560848381940
0x5608483819e0, 0x560848381990
0x560848381940
0x560848381940 [label="c"];
0x560848381990
0x560848381990 [label="5"];
0x5608483819e0 [label="="];
0x5608483818d0 [label="="];
0x5608483817c0 [label="if"];
0x560848381350 [label="f"];
