0x556829200350
0x556829200350, 0x5568292008e0
0x5568292008e0
0x5568292008e0, 0x5568292004f0
0x5568292008e0, 0x556829200560
0x5568292008e0, 0x556829200670
0x5568292008e0, 0x556829200780
0x5568292008e0, 0x556829200a00
0x5568292004f0
0x5568292004f0, 0x556829200450
0x5568292004f0, 0x5568292004a0
0x556829200450
0x556829200450 [label="i"];
0x5568292004a0
0x5568292004a0 [label="0"];
0x5568292004f0 [label="="];
0x556829200560
0x556829200560 [label="i"];
0x556829200670
0x556829200670, 0x5568292005d0
0x556829200670, 0x556829200620
0x5568292005d0
0x5568292005d0 [label="i"];
0x556829200620
0x556829200620 [label="2"];
0x556829200670 [label="="];
0x556829200780
0x556829200780, 0x5568292006e0
0x556829200780, 0x556829200730
0x556829200780, 0x556829200890
0x5568292006e0
0x5568292006e0 [label="i"];
0x556829200730
0x556829200730 [label="3"];
0x556829200890
0x556829200890, 0x5568292007f0
0x556829200890, 0x556829200840
0x5568292007f0
0x5568292007f0 [label="i"];
0x556829200840
0x556829200840 [label="4"];
0x556829200890 [label="="];
0x556829200780 [label="="];
0x556829200a00
0x556829200a00, 0x556829200960
0x556829200a00, 0x5568292009b0
0x556829200a00, 0x556829200b10
0x556829200960
0x556829200960 [label="i"];
0x5568292009b0
0x5568292009b0 [label="5"];
0x556829200b10
0x556829200b10, 0x556829200a70
0x556829200b10, 0x556829200ac0
0x556829200a70
0x556829200a70 [label="i"];
0x556829200ac0
0x556829200ac0 [label="6"];
0x556829200b10 [label="="];
0x556829200a00 [label="="];
0x5568292008e0 [label="for"];
0x556829200350 [label="f"];
