0x556f8aaa4350
0x556f8aaa4350, 0x556f8aaa44d0
0x556f8aaa44d0
0x556f8aaa44d0, 0x556f8aaa4430
0x556f8aaa44d0, 0x556f8aaa4480
0x556f8aaa4430
0x556f8aaa4430 [label="a"];
0x556f8aaa4480
0x556f8aaa4480 [label="2"];
0x556f8aaa44d0 [label="="];
0x556f8aaa4350 [label="f"];
