0x560364a2d350
0x560364a2d350, 0x560364a2d5e0
0x560364a2d5e0
0x560364a2d5e0, 0x560364a2d430
0x560364a2d5e0, 0x560364a2d590
0x560364a2d430
0x560364a2d430 [label="x"];
0x560364a2d590
0x560364a2d590, 0x560364a2d4a0
0x560364a2d590, 0x560364a2d4f0
0x560364a2d590, 0x560364a2d540
0x560364a2d4a0
0x560364a2d4a0 [label="x"];
0x560364a2d4f0
0x560364a2d4f0 [label="1"];
0x560364a2d540
0x560364a2d540 [label="2"];
0x560364a2d590 [label="?:"];
0x560364a2d5e0 [label="="];
0x560364a2d350 [label="f"];
