0x562e7aab1350
0x562e7aab1350, 0x562e7aab15b0
0x562e7aab15b0
0x562e7aab15b0, 0x562e7aab14a0
0x562e7aab15b0, 0x562e7aab1560
0x562e7aab14a0
0x562e7aab14a0 [label="a"];
0x562e7aab1560
0x562e7aab1560, 0x562e7aab1510
0x562e7aab1510
0x562e7aab1510 [label="b"];
0x562e7aab1560 [label="-"];
0x562e7aab15b0 [label="="];
0x562e7aab1350 [label="f"];
