0x55957da833c0
0x55957da833c0, 0x55957da83600
0x55957da83600
0x55957da83600, 0x55957da834a0
0x55957da83600, 0x55957da835b0
0x55957da834a0
0x55957da834a0 [label="a"];
0x55957da835b0
0x55957da835b0, 0x55957da83510
0x55957da835b0, 0x55957da83560
0x55957da83510
0x55957da83510 [label="v"];
0x55957da83560
0x55957da83560 [label="9"];
0x55957da835b0 [label="[]"];
0x55957da83600 [label="="];
0x55957da833c0 [label="f"];
