0x55c9697dc350
0x55c9697dc350, 0x55c9697dc7c0
0x55c9697dc7c0
0x55c9697dc7c0, 0x55c9697dc580
0x55c9697dc7c0, 0x55c9697dc770
0x55c9697dc580
0x55c9697dc580 [label="a"];
0x55c9697dc770
0x55c9697dc770, 0x55c9697dc6b0
0x55c9697dc770, 0x55c9697dc720
0x55c9697dc6b0
0x55c9697dc6b0, 0x55c9697dc5f0
0x55c9697dc6b0, 0x55c9697dc660
0x55c9697dc5f0
0x55c9697dc5f0 [label="b"];
0x55c9697dc660
0x55c9697dc660 [label="c"];
0x55c9697dc6b0 [label="+"];
0x55c9697dc720
0x55c9697dc720 [label="d"];
0x55c9697dc770 [label="+"];
0x55c9697dc7c0 [label="="];
0x55c9697dc350 [label="f"];
