0x55ad7ca94350
0x55ad7ca94350, 0x55ad7ca947c0
0x55ad7ca947c0
0x55ad7ca947c0, 0x55ad7ca94580
0x55ad7ca947c0, 0x55ad7ca94770
0x55ad7ca94580
0x55ad7ca94580 [label="a"];
0x55ad7ca94770
0x55ad7ca94770, 0x55ad7ca946b0
0x55ad7ca94770, 0x55ad7ca94720
0x55ad7ca946b0
0x55ad7ca946b0, 0x55ad7ca945f0
0x55ad7ca946b0, 0x55ad7ca94660
0x55ad7ca945f0
0x55ad7ca945f0 [label="b"];
0x55ad7ca94660
0x55ad7ca94660 [label="c"];
0x55ad7ca946b0 [label="*"];
0x55ad7ca94720
0x55ad7ca94720 [label="d"];
0x55ad7ca94770 [label="*"];
0x55ad7ca947c0 [label="="];
0x55ad7ca94350 [label="f"];
