0x55ace9995350
0x55ace9995350, 0x55ace99957c0
0x55ace99957c0
0x55ace99957c0, 0x55ace9995580
0x55ace99957c0, 0x55ace9995770
0x55ace9995580
0x55ace9995580 [label="a"];
0x55ace9995770
0x55ace9995770, 0x55ace99956b0
0x55ace9995770, 0x55ace9995720
0x55ace99956b0
0x55ace99956b0, 0x55ace99955f0
0x55ace99956b0, 0x55ace9995660
0x55ace99955f0
0x55ace99955f0 [label="b"];
0x55ace9995660
0x55ace9995660 [label="c"];
0x55ace99956b0 [label="*"];
0x55ace9995720
0x55ace9995720 [label="d"];
0x55ace9995770 [label="+"];
0x55ace99957c0 [label="="];
0x55ace9995350 [label="f"];
