0x55c578fed350
0x55c578fed350, 0x55c578feda20
0x55c578feda20
0x55c578feda20, 0x55c578fed660
0x55c578feda20, 0x55c578fed9d0
0x55c578fed660
0x55c578fed660 [label="a"];
0x55c578fed9d0
0x55c578fed9d0, 0x55c578fed910
0x55c578fed9d0, 0x55c578fed980
0x55c578fed910
0x55c578fed910, 0x55c578fed6d0
0x55c578fed910, 0x55c578fed8c0
0x55c578fed6d0
0x55c578fed6d0 [label="b"];
0x55c578fed8c0
0x55c578fed8c0, 0x55c578fed800
0x55c578fed8c0, 0x55c578fed870
0x55c578fed800
0x55c578fed800, 0x55c578fed740
0x55c578fed800, 0x55c578fed7b0
0x55c578fed740
0x55c578fed740 [label="c"];
0x55c578fed7b0
0x55c578fed7b0 [label="d"];
0x55c578fed800 [label="*"];
0x55c578fed870
0x55c578fed870 [label="e"];
0x55c578fed8c0 [label="/"];
0x55c578fed910 [label="+"];
0x55c578fed980
0x55c578fed980 [label="f"];
0x55c578fed9d0 [label="-"];
0x55c578feda20 [label="="];
0x55c578fed350 [label="f"];
