0x556d71259350
0x556d71259350, 0x556d712595b0
0x556d712595b0
0x556d712595b0, 0x556d712594a0
0x556d712595b0, 0x556d71259560
0x556d712594a0
0x556d712594a0 [label="a"];
0x556d71259560
0x556d71259560, 0x556d71259510
0x556d71259510
0x556d71259510 [label="b"];
0x556d71259560 [label="?"];
0x556d712595b0 [label="="];
0x556d71259350 [label="f"];
