0x557f35a68350
0x557f35a68350, 0x557f35a685b0
0x557f35a685b0
0x557f35a685b0, 0x557f35a684a0
0x557f35a685b0, 0x557f35a68560
0x557f35a684a0
0x557f35a684a0 [label="a"];
0x557f35a68560
0x557f35a68560, 0x557f35a68510
0x557f35a68510
0x557f35a68510 [label="b"];
0x557f35a68560 [label="&"];
0x557f35a685b0 [label="="];
0x557f35a68350 [label="f"];
