0x55fce9689350
0x55fce9689350, 0x55fce96895b0
0x55fce96895b0
0x55fce96895b0, 0x55fce96894a0
0x55fce96895b0, 0x55fce9689560
0x55fce96894a0
0x55fce96894a0 [label="a"];
0x55fce9689560
0x55fce9689560, 0x55fce9689510
0x55fce9689510
0x55fce9689510 [label="b"];
0x55fce9689560 [label="#"];
0x55fce96895b0 [label="="];
0x55fce9689350 [label="f"];
