0x55bd2f588350
0x55bd2f588350, 0x55bd2f588690
0x55bd2f588690
0x55bd2f588690, 0x55bd2f588510
0x55bd2f588690, 0x55bd2f588640
0x55bd2f588510
0x55bd2f588510 [label="a"];
0x55bd2f588640
0x55bd2f588640, 0x55bd2f588580
0x55bd2f588640, 0x55bd2f5885f0
0x55bd2f588580
0x55bd2f588580 [label="b"];
0x55bd2f5885f0
0x55bd2f5885f0 [label="c"];
0x55bd2f588640 [label="&"];
0x55bd2f588690 [label="="];
0x55bd2f588350 [label="f"];
