0x56071482d350
0x56071482d350, 0x56071482d690
0x56071482d690
0x56071482d690, 0x56071482d510
0x56071482d690, 0x56071482d640
0x56071482d510
0x56071482d510 [label="a"];
0x56071482d640
0x56071482d640, 0x56071482d580
0x56071482d640, 0x56071482d5f0
0x56071482d580
0x56071482d580 [label="b"];
0x56071482d5f0
0x56071482d5f0 [label="c"];
0x56071482d640 [label="^"];
0x56071482d690 [label="="];
0x56071482d350 [label="f"];
