0x561462968350
0x561462968350, 0x5614629686b0
0x5614629686b0
0x5614629686b0, 0x561462968510
0x5614629686b0, 0x561462968660
0x561462968510
0x561462968510 [label="a"];
0x561462968660
0x561462968660, 0x561462968580
0x561462968660, 0x561462968610
0x561462968580
0x561462968580 [label="b"];
0x561462968610
0x561462968610 [label="c"];
0x561462968660 [label="||"];
0x5614629686b0 [label="="];
0x561462968350 [label="f"];
