0x561adb5e1350
0x561adb5e1350, 0x561adb5e16b0
0x561adb5e16b0
0x561adb5e16b0, 0x561adb5e1510
0x561adb5e16b0, 0x561adb5e1660
0x561adb5e1510
0x561adb5e1510 [label="a"];
0x561adb5e1660
0x561adb5e1660, 0x561adb5e1580
0x561adb5e1660, 0x561adb5e1610
0x561adb5e1580
0x561adb5e1580 [label="b"];
0x561adb5e1610
0x561adb5e1610 [label="c"];
0x561adb5e1660 [label="=="];
0x561adb5e16b0 [label="="];
0x561adb5e1350 [label="f"];
