0x55b733cd7350
0x55b733cd7350, 0x55b733cd76b0
0x55b733cd76b0
0x55b733cd76b0, 0x55b733cd7510
0x55b733cd76b0, 0x55b733cd7660
0x55b733cd7510
0x55b733cd7510 [label="a"];
0x55b733cd7660
0x55b733cd7660, 0x55b733cd7580
0x55b733cd7660, 0x55b733cd7610
0x55b733cd7580
0x55b733cd7580 [label="b"];
0x55b733cd7610
0x55b733cd7610 [label="c"];
0x55b733cd7660 [label="!="];
0x55b733cd76b0 [label="="];
0x55b733cd7350 [label="f"];
