0x55a95f842350
0x55a95f842350, 0x55a95f842690
0x55a95f842690
0x55a95f842690, 0x55a95f842510
0x55a95f842690, 0x55a95f842640
0x55a95f842510
0x55a95f842510 [label="a"];
0x55a95f842640
0x55a95f842640, 0x55a95f842580
0x55a95f842640, 0x55a95f8425f0
0x55a95f842580
0x55a95f842580 [label="b"];
0x55a95f8425f0
0x55a95f8425f0 [label="c"];
0x55a95f842640 [label="<"];
0x55a95f842690 [label="="];
0x55a95f842350 [label="f"];
