0x55f84f18b350
0x55f84f18b350, 0x55f84f18b690
0x55f84f18b690
0x55f84f18b690, 0x55f84f18b510
0x55f84f18b690, 0x55f84f18b640
0x55f84f18b510
0x55f84f18b510 [label="a"];
0x55f84f18b640
0x55f84f18b640, 0x55f84f18b580
0x55f84f18b640, 0x55f84f18b5f0
0x55f84f18b580
0x55f84f18b580 [label="b"];
0x55f84f18b5f0
0x55f84f18b5f0 [label="c"];
0x55f84f18b640 [label=">"];
0x55f84f18b690 [label="="];
0x55f84f18b350 [label="f"];
