0x5567759f9350
0x5567759f9350, 0x5567759f96b0
0x5567759f96b0
0x5567759f96b0, 0x5567759f9510
0x5567759f96b0, 0x5567759f9660
0x5567759f9510
0x5567759f9510 [label="a"];
0x5567759f9660
0x5567759f9660, 0x5567759f9580
0x5567759f9660, 0x5567759f9610
0x5567759f9580
0x5567759f9580 [label="b"];
0x5567759f9610
0x5567759f9610 [label="c"];
0x5567759f9660 [label=">="];
0x5567759f96b0 [label="="];
0x5567759f9350 [label="f"];
