0x55b4e2e05350
0x55b4e2e05350, 0x55b4e2e056b0
0x55b4e2e056b0
0x55b4e2e056b0, 0x55b4e2e05510
0x55b4e2e056b0, 0x55b4e2e05660
0x55b4e2e05510
0x55b4e2e05510 [label="a"];
0x55b4e2e05660
0x55b4e2e05660, 0x55b4e2e05580
0x55b4e2e05660, 0x55b4e2e05610
0x55b4e2e05580
0x55b4e2e05580 [label="b"];
0x55b4e2e05610
0x55b4e2e05610 [label="c"];
0x55b4e2e05660 [label="<="];
0x55b4e2e056b0 [label="="];
0x55b4e2e05350 [label="f"];
