0x55c08fecf350
0x55c08fecf350, 0x55c08fecf650
0x55c08fecf650
0x55c08fecf650, 0x55c08fecf4a0
0x55c08fecf650, 0x55c08fecf600
0x55c08fecf4a0
0x55c08fecf4a0 [label="a"];
0x55c08fecf600
0x55c08fecf600, 0x55c08fecf560
0x55c08fecf600, 0x55c08fecf5b0
0x55c08fecf560
0x55c08fecf560, 0x55c08fecf510
0x55c08fecf510
0x55c08fecf510 [label="b"];
0x55c08fecf560 [label="&"];
0x55c08fecf5b0
0x55c08fecf5b0 [label="1"];
0x55c08fecf600 [label="+"];
0x55c08fecf650 [label="="];
0x55c08fecf350 [label="f"];
