0x55ca0ada5350
0x55ca0ada5350, 0x55ca0ada5650
0x55ca0ada5650
0x55ca0ada5650, 0x55ca0ada54a0
0x55ca0ada5650, 0x55ca0ada5600
0x55ca0ada54a0
0x55ca0ada54a0 [label="a"];
0x55ca0ada5600
0x55ca0ada5600, 0x55ca0ada5560
0x55ca0ada5600, 0x55ca0ada55b0
0x55ca0ada5560
0x55ca0ada5560, 0x55ca0ada5510
0x55ca0ada5510
0x55ca0ada5510 [label="b"];
0x55ca0ada5560 [label="#"];
0x55ca0ada55b0
0x55ca0ada55b0 [label="2"];
0x55ca0ada5600 [label="+"];
0x55ca0ada5650 [label="="];
0x55ca0ada5350 [label="f"];
