0x5597c7779350
0x5597c7779350, 0x5597c77797c0
0x5597c77797c0
0x5597c77797c0, 0x5597c7779580
0x5597c77797c0, 0x5597c7779770
0x5597c7779580
0x5597c7779580 [label="a"];
0x5597c7779770
0x5597c7779770, 0x5597c77795f0
0x5597c7779770, 0x5597c7779720
0x5597c77795f0
0x5597c77795f0 [label="b"];
0x5597c7779720
0x5597c7779720, 0x5597c7779660
0x5597c7779720, 0x5597c77796d0
0x5597c7779660
0x5597c7779660 [label="c"];
0x5597c77796d0
0x5597c77796d0 [label="d"];
0x5597c7779720 [label="*"];
0x5597c7779770 [label="*"];
0x5597c77797c0 [label="="];
0x5597c7779350 [label="f"];
