0x5574d397e350
0x5574d397e350, 0x5574d397ed00
0x5574d397ed00
0x5574d397ed00, 0x5574d397eac0
0x5574d397ed00, 0x5574d397ecb0
0x5574d397ed00, 0x5574d397efb0
0x5574d397eac0
0x5574d397eac0 [label="x"];
0x5574d397ecb0
0x5574d397ecb0, 0x5574d397eb30
0x5574d397ecb0, 0x5574d397ec60
0x5574d397eb30
0x5574d397eb30 [label="a"];
0x5574d397ec60
0x5574d397ec60, 0x5574d397eba0
0x5574d397ec60, 0x5574d397ec10
0x5574d397eba0
0x5574d397eba0 [label="b"];
0x5574d397ec10
0x5574d397ec10 [label="c"];
0x5574d397ec60 [label="*"];
0x5574d397ecb0 [label="-"];
0x5574d397efb0
0x5574d397efb0, 0x5574d397ed70
0x5574d397efb0, 0x5574d397ef60
0x5574d397efb0, 0x5574d397f260
0x5574d397ed70
0x5574d397ed70 [label="y"];
0x5574d397ef60
0x5574d397ef60, 0x5574d397eea0
0x5574d397ef60, 0x5574d397ef10
0x5574d397eea0
0x5574d397eea0, 0x5574d397ede0
0x5574d397eea0, 0x5574d397ee50
0x5574d397ede0
0x5574d397ede0 [label="d"];
0x5574d397ee50
0x5574d397ee50 [label="e"];
0x5574d397eea0 [label="/"];
0x5574d397ef10
0x5574d397ef10 [label="f"];
0x5574d397ef60 [label="+"];
0x5574d397f260
0x5574d397f260, 0x5574d397f020
0x5574d397f260, 0x5574d397f210
0x5574d397f260, 0x5574d397f510
0x5574d397f020
0x5574d397f020 [label="z"];
0x5574d397f210
0x5574d397f210, 0x5574d397f150
0x5574d397f210, 0x5574d397f1c0
0x5574d397f150
0x5574d397f150, 0x5574d397f090
0x5574d397f150, 0x5574d397f100
0x5574d397f090
0x5574d397f090 [label="g"];
0x5574d397f100
0x5574d397f100 [label="h"];
0x5574d397f150 [label="-"];
0x5574d397f1c0
0x5574d397f1c0 [label="i"];
0x5574d397f210 [label="/"];
0x5574d397f510
0x5574d397f510, 0x5574d397f2d0
0x5574d397f510, 0x5574d397f4c0
0x5574d397f2d0
0x5574d397f2d0 [label="w"];
0x5574d397f4c0
0x5574d397f4c0, 0x5574d397f340
0x5574d397f4c0, 0x5574d397f470
0x5574d397f340
0x5574d397f340 [label="j"];
0x5574d397f470
0x5574d397f470, 0x5574d397f3b0
0x5574d397f470, 0x5574d397f420
0x5574d397f3b0
0x5574d397f3b0 [label="k"];
0x5574d397f420
0x5574d397f420 [label="l"];
0x5574d397f470 [label="+"];
0x5574d397f4c0 [label="*"];
0x5574d397f510 [label="="];
0x5574d397f260 [label="="];
0x5574d397efb0 [label="="];
0x5574d397ed00 [label="="];
0x5574d397e350 [label="f"];
