0x561046e2d350
0x561046e2d350, 0x561046e2d510
0x561046e2d510
0x561046e2d510, 0x561046e2d580
0x561046e2d580
0x561046e2d580, 0x561046e2d670
0x561046e2d670
0x561046e2d670, 0x561046e2d5d0
0x561046e2d670, 0x561046e2d620
0x561046e2d670, 0x561046e2d760
0x561046e2d5d0
0x561046e2d5d0 [label="10"];
0x561046e2d620
0x561046e2d620 [label="11"];
0x561046e2d760
0x561046e2d760, 0x561046e2d6c0
0x561046e2d760, 0x561046e2d710
0x561046e2d760, 0x561046e2d850
0x561046e2d6c0
0x561046e2d6c0 [label="20"];
0x561046e2d710
0x561046e2d710 [label="21"];
0x561046e2d850
0x561046e2d850, 0x561046e2d7b0
0x561046e2d850, 0x561046e2d800
0x561046e2d7b0
0x561046e2d7b0 [label="30"];
0x561046e2d800
0x561046e2d800 [label="31"];
0x561046e2d850 [label="+"];
0x561046e2d760 [label="+"];
0x561046e2d670 [label="+"];
0x561046e2d580 [label="k"];
0x561046e2d510 [label="f"];
0x561046e2d350 [label="k"];
