0x55e1b94d9350
0x55e1b94d9350, 0x55e1b94d9480
0x55e1b94d9480
0x55e1b94d9480, 0x55e1b94d9430
0x55e1b94d9480, 0x55e1b94d93c0
0x55e1b94d9480, 0x55e1b94d95d0
0x55e1b94d9430
0x55e1b94d9430 [label="10"];
0x55e1b94d93c0
0x55e1b94d93c0 [label="b"];
0x55e1b94d95d0
0x55e1b94d95d0, 0x55e1b94d9580
0x55e1b94d95d0, 0x55e1b94d94f0
0x55e1b94d9580
0x55e1b94d9580 [label="b"];
0x55e1b94d94f0
0x55e1b94d94f0 [label="a"];
0x55e1b94d95d0 [label="<="];
0x55e1b94d9480 [label="<="];
0x55e1b94d9350 [label="f"];
