0x55ce664e13c0
0x55ce664e13c0, 0x55ce664e1540
0x55ce664e1540
0x55ce664e1540, 0x55ce664e14a0
0x55ce664e1540, 0x55ce664e14f0
0x55ce664e1540, 0x55ce664e17d0
0x55ce664e14a0
0x55ce664e14a0 [label="c"];
0x55ce664e14f0
0x55ce664e14f0 [label="2"];
0x55ce664e17d0
0x55ce664e17d0, 0x55ce664e1730
0x55ce664e17d0, 0x55ce664e1780
0x55ce664e1730
0x55ce664e1730, 0x55ce664e15b0
0x55ce664e1730, 0x55ce664e16e0
0x55ce664e15b0
0x55ce664e15b0 [label="a"];
0x55ce664e16e0
0x55ce664e16e0, 0x55ce664e1620
0x55ce664e16e0, 0x55ce664e1690
0x55ce664e1620
0x55ce664e1620 [label="c"];
0x55ce664e1690
0x55ce664e1690 [label="c"];
0x55ce664e16e0 [label="+"];
0x55ce664e1730 [label="[]"];
0x55ce664e1780
0x55ce664e1780 [label="2"];
0x55ce664e17d0 [label="="];
0x55ce664e1540 [label="="];
0x55ce664e13c0 [label="f"];
