0x5578a3fea350
0x5578a3fea350, 0x5578a3fea740
0x5578a3fea740
0x5578a3fea740, 0x5578a3fea460
0x5578a3fea740, 0x5578a3fea6f0
0x5578a3fea460
0x5578a3fea460, 0x5578a3fea3c0
0x5578a3fea460, 0x5578a3fea410
0x5578a3fea3c0
0x5578a3fea3c0 [label="c"];
0x5578a3fea410
0x5578a3fea410 [label="5"];
0x5578a3fea460 [label="[]"];
0x5578a3fea6f0
0x5578a3fea6f0, 0x5578a3fea4d0
0x5578a3fea6f0, 0x5578a3fea6a0
0x5578a3fea4d0
0x5578a3fea4d0 [label="a"];
0x5578a3fea6a0
0x5578a3fea6a0, 0x5578a3fea5e0
0x5578a3fea6a0, 0x5578a3fea650
0x5578a3fea5e0
0x5578a3fea5e0, 0x5578a3fea520
0x5578a3fea5e0, 0x5578a3fea590
0x5578a3fea520
0x5578a3fea520 [label="2"];
0x5578a3fea590
0x5578a3fea590 [label="c"];
0x5578a3fea5e0 [label="*"];
0x5578a3fea650
0x5578a3fea650 [label="k"];
0x5578a3fea6a0 [label="+"];
0x5578a3fea6f0 [label="[]"];
0x5578a3fea740 [label="="];
0x5578a3fea350 [label="f"];
