0x55b31ebc03c0
0x55b31ebc03c0, 0x55b31ebc0840
0x55b31ebc0840
0x55b31ebc0840, 0x55b31ebc05b0
0x55b31ebc0840, 0x55b31ebc07f0
0x55b31ebc05b0
0x55b31ebc05b0, 0x55b31ebc0510
0x55b31ebc05b0, 0x55b31ebc0560
0x55b31ebc0510
0x55b31ebc0510 [label="c"];
0x55b31ebc0560
0x55b31ebc0560 [label="5"];
0x55b31ebc05b0 [label="[]"];
0x55b31ebc07f0
0x55b31ebc07f0, 0x55b31ebc0730
0x55b31ebc07f0, 0x55b31ebc07a0
0x55b31ebc0730
0x55b31ebc0730, 0x55b31ebc0600
0x55b31ebc0730, 0x55b31ebc0670
0x55b31ebc0600
0x55b31ebc0600 [label="3"];
0x55b31ebc0670
0x55b31ebc0670, 0x55b31ebc06e0
0x55b31ebc06e0
0x55b31ebc06e0 [label="a"];
0x55b31ebc0670 [label="f"];
0x55b31ebc0730 [label="*"];
0x55b31ebc07a0
0x55b31ebc07a0 [label="a"];
0x55b31ebc07f0 [label="+"];
0x55b31ebc0840 [label="="];
0x55b31ebc03c0 [label="f"];
