0x55ce655fe350
0x55ce655fe350, 0x55ce655fe480
0x55ce655fe350, 0x55ce655fe4f0
0x55ce655fe480
0x55ce655fe480, 0x55ce655fe3c0
0x55ce655fe480, 0x55ce655fe430
0x55ce655fe3c0
0x55ce655fe3c0 [label="a"];
0x55ce655fe430
0x55ce655fe430 [label="f"];
0x55ce655fe480 [label="="];
0x55ce655fe4f0
0x55ce655fe4f0 [label="a"];
0x55ce655fe350 [label="f"];
